================
cmd_subst.ush
================
a
hello
a b
hello world
a
a b
hello world
a
abc
1
+1
-1
1
-1
1
1
-1
-0.11
11.0
1
1
-1
-0.11
11.0
$(echo "a")
