================
newline.ush
================
a
b
c
d
