================
number.ush
================
1
123
123
