================
string_escapes.ush
================
a	b

